[
  "local_tag1",
  "local_tag2",
  "layout",
  "super",
  "block",
  "echo",
  "assign",
  "increment",
  "decrement",
  "repeat",
  "for",
  "if",
  "elsif",
  "continue",
  "break",
  "cycle",
  "tablerow",
  "unless",
  "capture",
  "liquid",
  "case",
  "raw",
  "comment",
  "doc",
  "render",
  "global_tag",
  "shared_tag",
  "global_tag1",
  "global_tag2"
]