[
  {
    "name": "2013",
    "items": [
      {
        "graduation_year": 2013,
        "name": "Jay"
      },
      {
        "graduation_year": 2013,
        "name": "Jane"
      }
    ]
  },
  {
    "name": "2014",
    "items": [
      {
        "graduation_year": 2014,
        "name": "John"
      }
    ]
  },
  {
    "name": "2009",
    "items": [
      {
        "graduation_year": 2009,
        "name": "Jack"
      }
    ]
  }
]