[
  "local1",
  "local2",
  "first",
  "last",
  "size",
  "global_filter",
  "shared_name",
  "global1",
  "global2",
  "upper",
  "lower",
  "length",
  "join",
  "reverse",
  "sort",
  "sort_natural",
  "map",
  "where",
  "where_exp",
  "reject",
  "reject_exp",
  "uniq",
  "slice",
  "compact",
  "concat",
  "push",
  "pop",
  "shift",
  "unshift",
  "find",
  "find_exp",
  "find_index",
  "find_index_exp",
  "sum",
  "group_by",
  "group_by_exp",
  "has",
  "has_exp",
  "date",
  "date_to_xmlschema",
  "date_to_rfc822",
  "date_to_string",
  "date_to_long_string",
  "escape",
  "xml_escape",
  "unescape",
  "escape_once",
  "newline_to_br",
  "strip_html",
  "strip_newlines",
  "abs",
  "at_least",
  "at_most",
  "ceil",
  "divided_by",
  "floor",
  "minus",
  "modulo",
  "times",
  "round",
  "plus",
  "default",
  "json",
  "jsonify",
  "parse_json",
  "inspect",
  "to_integer",
  "raw",
  "append",
  "prepend",
  "lstrip",
  "downcase",
  "upcase",
  "remove",
  "remove_first",
  "remove_last",
  "rstrip",
  "split",
  "strip",
  "capitalize",
  "replace",
  "replace_first",
  "replace_last",
  "truncate",
  "truncatewords",
  "normalize_whitespace",
  "number_of_words",
  "array_to_sentence_string",
  "url_decode",
  "url_encode",
  "cgi_escape",
  "uri_escape",
  "slugify"
]