[
  "      <!DOCTYPE html>\n      <html>\n        <head>\n          Default Title\n        </head>\n        <body>\n          <header>\n            \n              <div>Default Header</div>\n              Overridden Navigation\n            \n          </header>\n          <main>\n            Default Content\n          </main>\n        </body>\n      </html>\n      "
]